Copyright 1986-2022 Xilinx, Inc. All Rights Reserved. Copyright 2022-2024 Advanced Micro Devices, Inc. All Rights Reserved.
---------------------------------------------------------------------------------------------------------------------------------------------
| Tool Version : Vivado v.2024.2 (win64) Build 5239630 Fri Nov 08 22:35:27 MST 2024
| Date         : Wed Dec 17 16:09:24 2025
| Host         : DESKTOP-VAD40IB running 64-bit major release  (build 9200)
| Command      : report_utilization -hierarchical -file R:/fpga/fpga-power-test-accel/reports/mlp_debug/mlp_top_debug_utilization_routed.rpt
| Design       : mlp_top_debug
| Device       : xc7a35tcpg236-1
| Speed File   : -1
| Design State : Routed
---------------------------------------------------------------------------------------------------------------------------------------------

Utilization Design Information

Table of Contents
-----------------
1. Utilization by Hierarchy

1. Utilization by Hierarchy
---------------------------

+------------------------------------------------------------------------------------+-------------------------------------------------------------------+------------+------------+---------+------+------+--------+--------+------------+
|                                      Instance                                      |                               Module                              | Total LUTs | Logic LUTs | LUTRAMs | SRLs |  FFs | RAMB36 | RAMB18 | DSP Blocks |
+------------------------------------------------------------------------------------+-------------------------------------------------------------------+------------+------------+---------+------+------+--------+--------+------------+
| mlp_top_debug                                                                      |                                                             (top) |       1847 |       1717 |      24 |  106 | 2814 |      3 |      1 |          0 |
|   (mlp_top_debug)                                                                  |                                                             (top) |          0 |          0 |       0 |    0 |    0 |      0 |      0 |          0 |
|   dbg_hub                                                                          |                                                           dbg_hub |        473 |        449 |      24 |    0 |  753 |      0 |      0 |          0 |
|     (dbg_hub)                                                                      |                                                           dbg_hub |          0 |          0 |       0 |    0 |    0 |      0 |      0 |          0 |
|     inst                                                                           |                                        dbg_hub_xsdbm_v3_0_3_xsdbm |        473 |        449 |      24 |    0 |  753 |      0 |      0 |          0 |
|       BSCANID.u_xsdbm_id                                                           |                                     dbg_hub_xsdbm_v3_0_3_xsdbm_id |        473 |        449 |      24 |    0 |  753 |      0 |      0 |          0 |
|         (BSCANID.u_xsdbm_id)                                                       |                                     dbg_hub_xsdbm_v3_0_3_xsdbm_id |         35 |         35 |       0 |    0 |   34 |      0 |      0 |          0 |
|         CORE_XSDB.UUT_MASTER                                                       |                                    dbg_hub_xsdbm_v3_0_3_icon2xsdb |        297 |        273 |      24 |    0 |  566 |      0 |      0 |          0 |
|           U_ICON_INTERFACE                                                         |                                           dbg_hub_xsdbm_v3_0_3_if |        165 |        141 |      24 |    0 |  456 |      0 |      0 |          0 |
|             (U_ICON_INTERFACE)                                                     |                                           dbg_hub_xsdbm_v3_0_3_if |          6 |          6 |       0 |    0 |   15 |      0 |      0 |          0 |
|             U_CMD1                                                                 |                                      dbg_hub_xsdbm_v3_0_3_ctl_reg |          2 |          2 |       0 |    0 |   12 |      0 |      0 |          0 |
|             U_CMD2                                                                 |                                     dbg_hub_xsdbm_v3_0_3_stat_reg |          5 |          5 |       0 |    0 |   22 |      0 |      0 |          0 |
|             U_CMD3                                                                 |                                   dbg_hub_xsdbm_v3_0_3_stat_reg_0 |          5 |          5 |       0 |    0 |   22 |      0 |      0 |          0 |
|             U_CMD4                                                                 |                      dbg_hub_xsdbm_v3_0_3_ctl_reg__parameterized0 |         12 |         12 |       0 |    0 |   62 |      0 |      0 |          0 |
|             U_CMD5                                                                 |                      dbg_hub_xsdbm_v3_0_3_ctl_reg__parameterized1 |          6 |          6 |       0 |    0 |   42 |      0 |      0 |          0 |
|             U_CMD6_RD                                                              |                                        dbg_hub_xsdbm_v3_0_3_rdreg |         69 |         57 |      12 |    0 |  134 |      0 |      0 |          0 |
|               (U_CMD6_RD)                                                          |                                        dbg_hub_xsdbm_v3_0_3_rdreg |          2 |          2 |       0 |    0 |   20 |      0 |      0 |          0 |
|               U_RD_FIFO                                                            |                                       dbg_hub_xsdbm_v3_0_3_rdfifo |         67 |         55 |      12 |    0 |  114 |      0 |      0 |          0 |
|                 (U_RD_FIFO)                                                        |                                       dbg_hub_xsdbm_v3_0_3_rdfifo |         20 |         20 |       0 |    0 |    0 |      0 |      0 |          0 |
|                 SUBCORE_FIFO.xsdbm_v3_0_3_rdfifo_inst                              |                    dbg_hub_fifo_generator_v13_1_5__parameterized0 |         47 |         35 |      12 |    0 |  114 |      0 |      0 |          0 |
|                   (SUBCORE_FIFO.xsdbm_v3_0_3_rdfifo_inst)                          |                    dbg_hub_fifo_generator_v13_1_5__parameterized0 |          0 |          0 |       0 |    0 |    0 |      0 |      0 |          0 |
|                   inst_fifo_gen                                                    |              dbg_hub_fifo_generator_v13_1_5_synth__parameterized0 |         47 |         35 |      12 |    0 |  114 |      0 |      0 |          0 |
|                     gconvfifo.rf                                                   |                        dbg_hub_fifo_generator_top__parameterized0 |         47 |         35 |      12 |    0 |  114 |      0 |      0 |          0 |
|                       grf.rf                                                       |                    dbg_hub_fifo_generator_ramfifo__parameterized0 |         47 |         35 |      12 |    0 |  114 |      0 |      0 |          0 |
|                         gntv_or_sync_fifo.gcx.clkx                                 |                                             dbg_hub_clk_x_pntrs_8 |         12 |         12 |       0 |    0 |   32 |      0 |      0 |          0 |
|                           (gntv_or_sync_fifo.gcx.clkx)                             |                                             dbg_hub_clk_x_pntrs_8 |         10 |         10 |       0 |    0 |   16 |      0 |      0 |          0 |
|                           gnxpm_cdc.gsync_stage[1].rd_stg_inst                     |                        dbg_hub_synchronizer_ff__parameterized0_20 |          0 |          0 |       0 |    0 |    4 |      0 |      0 |          0 |
|                           gnxpm_cdc.gsync_stage[1].wr_stg_inst                     |                        dbg_hub_synchronizer_ff__parameterized0_21 |          0 |          0 |       0 |    0 |    4 |      0 |      0 |          0 |
|                           gnxpm_cdc.gsync_stage[2].rd_stg_inst                     |                        dbg_hub_synchronizer_ff__parameterized0_22 |          1 |          1 |       0 |    0 |    4 |      0 |      0 |          0 |
|                           gnxpm_cdc.gsync_stage[2].wr_stg_inst                     |                        dbg_hub_synchronizer_ff__parameterized0_23 |          1 |          1 |       0 |    0 |    4 |      0 |      0 |          0 |
|                         gntv_or_sync_fifo.gl0.rd                                   |                                  dbg_hub_rd_logic__parameterized0 |         14 |         14 |       0 |    0 |   19 |      0 |      0 |          0 |
|                           gr1.gr1_int.rfwft                                        |                                                   dbg_hub_rd_fwft |          7 |          7 |       0 |    0 |    8 |      0 |      0 |          0 |
|                           gras.rsts                                                |                                     dbg_hub_rd_status_flags_as_18 |          0 |          0 |       0 |    0 |    2 |      0 |      0 |          0 |
|                           grhf.rhf                                                 |                      dbg_hub_rd_handshaking_flags__parameterized0 |          0 |          0 |       0 |    0 |    1 |      0 |      0 |          0 |
|                           rpntr                                                    |                                            dbg_hub_rd_bin_cntr_19 |          7 |          7 |       0 |    0 |    8 |      0 |      0 |          0 |
|                         gntv_or_sync_fifo.gl0.wr                                   |                                  dbg_hub_wr_logic__parameterized0 |          5 |          5 |       0 |    0 |   15 |      0 |      0 |          0 |
|                           gwas.wsts                                                |                                     dbg_hub_wr_status_flags_as_15 |          2 |          2 |       0 |    0 |    2 |      0 |      0 |          0 |
|                           gwhf.whf                                                 |                                   dbg_hub_wr_handshaking_flags_16 |          0 |          0 |       0 |    0 |    1 |      0 |      0 |          0 |
|                           wpntr                                                    |                                            dbg_hub_wr_bin_cntr_17 |          3 |          3 |       0 |    0 |   12 |      0 |      0 |          0 |
|                         gntv_or_sync_fifo.mem                                      |                                    dbg_hub_memory__parameterized0 |         12 |          0 |      12 |    0 |   32 |      0 |      0 |          0 |
|                           (gntv_or_sync_fifo.mem)                                  |                                    dbg_hub_memory__parameterized0 |          0 |          0 |       0 |    0 |   16 |      0 |      0 |          0 |
|                           gdm.dm_gen.dm                                            |                                                   dbg_hub_dmem_14 |         12 |          0 |      12 |    0 |   16 |      0 |      0 |          0 |
|                         rstblk                                                     |                                       dbg_hub_reset_blk_ramfifo_9 |          4 |          4 |       0 |    0 |   16 |      0 |      0 |          0 |
|                           (rstblk)                                                 |                                       dbg_hub_reset_blk_ramfifo_9 |          0 |          0 |       0 |    0 |   12 |      0 |      0 |          0 |
|                           ngwrdrst.grst.g7serrst.gwrrd_rst_sync_stage[1].rrst_inst |                                        dbg_hub_synchronizer_ff_10 |          1 |          1 |       0 |    0 |    1 |      0 |      0 |          0 |
|                           ngwrdrst.grst.g7serrst.gwrrd_rst_sync_stage[1].wrst_inst |                                        dbg_hub_synchronizer_ff_11 |          1 |          1 |       0 |    0 |    1 |      0 |      0 |          0 |
|                           ngwrdrst.grst.g7serrst.gwrrd_rst_sync_stage[2].rrst_inst |                                        dbg_hub_synchronizer_ff_12 |          1 |          1 |       0 |    0 |    1 |      0 |      0 |          0 |
|                           ngwrdrst.grst.g7serrst.gwrrd_rst_sync_stage[2].wrst_inst |                                        dbg_hub_synchronizer_ff_13 |          1 |          1 |       0 |    0 |    1 |      0 |      0 |          0 |
|             U_CMD6_WR                                                              |                                        dbg_hub_xsdbm_v3_0_3_wrreg |         45 |         33 |      12 |    0 |  110 |      0 |      0 |          0 |
|               (U_CMD6_WR)                                                          |                                        dbg_hub_xsdbm_v3_0_3_wrreg |          2 |          2 |       0 |    0 |   20 |      0 |      0 |          0 |
|               U_WR_FIFO                                                            |                                       dbg_hub_xsdbm_v3_0_3_wrfifo |         43 |         31 |      12 |    0 |   90 |      0 |      0 |          0 |
|                 (U_WR_FIFO)                                                        |                                       dbg_hub_xsdbm_v3_0_3_wrfifo |          1 |          1 |       0 |    0 |    0 |      0 |      0 |          0 |
|                 SUBCORE_FIFO.xsdbm_v3_0_3_wrfifo_inst                              |                                    dbg_hub_fifo_generator_v13_1_5 |         42 |         30 |      12 |    0 |   90 |      0 |      0 |          0 |
|                   (SUBCORE_FIFO.xsdbm_v3_0_3_wrfifo_inst)                          |                                    dbg_hub_fifo_generator_v13_1_5 |          0 |          0 |       0 |    0 |    0 |      0 |      0 |          0 |
|                   inst_fifo_gen                                                    |                              dbg_hub_fifo_generator_v13_1_5_synth |         42 |         30 |      12 |    0 |   90 |      0 |      0 |          0 |
|                     gconvfifo.rf                                                   |                                        dbg_hub_fifo_generator_top |         42 |         30 |      12 |    0 |   90 |      0 |      0 |          0 |
|                       grf.rf                                                       |                                    dbg_hub_fifo_generator_ramfifo |         42 |         30 |      12 |    0 |   90 |      0 |      0 |          0 |
|                         gntv_or_sync_fifo.gcx.clkx                                 |                                               dbg_hub_clk_x_pntrs |         11 |         11 |       0 |    0 |   32 |      0 |      0 |          0 |
|                           (gntv_or_sync_fifo.gcx.clkx)                             |                                               dbg_hub_clk_x_pntrs |          9 |          9 |       0 |    0 |   16 |      0 |      0 |          0 |
|                           gnxpm_cdc.gsync_stage[1].rd_stg_inst                     |                           dbg_hub_synchronizer_ff__parameterized0 |          0 |          0 |       0 |    0 |    4 |      0 |      0 |          0 |
|                           gnxpm_cdc.gsync_stage[1].wr_stg_inst                     |                         dbg_hub_synchronizer_ff__parameterized0_5 |          0 |          0 |       0 |    0 |    4 |      0 |      0 |          0 |
|                           gnxpm_cdc.gsync_stage[2].rd_stg_inst                     |                         dbg_hub_synchronizer_ff__parameterized0_6 |          1 |          1 |       0 |    0 |    4 |      0 |      0 |          0 |
|                           gnxpm_cdc.gsync_stage[2].wr_stg_inst                     |                         dbg_hub_synchronizer_ff__parameterized0_7 |          1 |          1 |       0 |    0 |    4 |      0 |      0 |          0 |
|                         gntv_or_sync_fifo.gl0.rd                                   |                                                  dbg_hub_rd_logic |         10 |         10 |       0 |    0 |   11 |      0 |      0 |          0 |
|                           gras.rsts                                                |                                        dbg_hub_rd_status_flags_as |          2 |          2 |       0 |    0 |    2 |      0 |      0 |          0 |
|                           grhf.rhf                                                 |                                      dbg_hub_rd_handshaking_flags |          0 |          0 |       0 |    0 |    1 |      0 |      0 |          0 |
|                           rpntr                                                    |                                               dbg_hub_rd_bin_cntr |          8 |          8 |       0 |    0 |    8 |      0 |      0 |          0 |
|                         gntv_or_sync_fifo.gl0.wr                                   |                                                  dbg_hub_wr_logic |          5 |          5 |       0 |    0 |   15 |      0 |      0 |          0 |
|                           gwas.wsts                                                |                                        dbg_hub_wr_status_flags_as |          2 |          2 |       0 |    0 |    2 |      0 |      0 |          0 |
|                           gwhf.whf                                                 |                                      dbg_hub_wr_handshaking_flags |          0 |          0 |       0 |    0 |    1 |      0 |      0 |          0 |
|                           wpntr                                                    |                                               dbg_hub_wr_bin_cntr |          3 |          3 |       0 |    0 |   12 |      0 |      0 |          0 |
|                         gntv_or_sync_fifo.mem                                      |                                                    dbg_hub_memory |         12 |          0 |      12 |    0 |   16 |      0 |      0 |          0 |
|                           gdm.dm_gen.dm                                            |                                                      dbg_hub_dmem |         12 |          0 |      12 |    0 |   16 |      0 |      0 |          0 |
|                         rstblk                                                     |                                         dbg_hub_reset_blk_ramfifo |          4 |          4 |       0 |    0 |   16 |      0 |      0 |          0 |
|                           (rstblk)                                                 |                                         dbg_hub_reset_blk_ramfifo |          0 |          0 |       0 |    0 |   12 |      0 |      0 |          0 |
|                           ngwrdrst.grst.g7serrst.gwrrd_rst_sync_stage[1].rrst_inst |                                           dbg_hub_synchronizer_ff |          1 |          1 |       0 |    0 |    1 |      0 |      0 |          0 |
|                           ngwrdrst.grst.g7serrst.gwrrd_rst_sync_stage[1].wrst_inst |                                         dbg_hub_synchronizer_ff_2 |          1 |          1 |       0 |    0 |    1 |      0 |      0 |          0 |
|                           ngwrdrst.grst.g7serrst.gwrrd_rst_sync_stage[2].rrst_inst |                                         dbg_hub_synchronizer_ff_3 |          1 |          1 |       0 |    0 |    1 |      0 |      0 |          0 |
|                           ngwrdrst.grst.g7serrst.gwrrd_rst_sync_stage[2].wrst_inst |                                         dbg_hub_synchronizer_ff_4 |          1 |          1 |       0 |    0 |    1 |      0 |      0 |          0 |
|             U_CMD7_CTL                                                             |                                    dbg_hub_xsdbm_v3_0_3_ctl_reg_1 |          2 |          2 |       0 |    0 |   12 |      0 |      0 |          0 |
|             U_CMD7_STAT                                                            |                     dbg_hub_xsdbm_v3_0_3_stat_reg__parameterized0 |          4 |          4 |       0 |    0 |   18 |      0 |      0 |          0 |
|             U_STATIC_STATUS                                                        |                             dbg_hub_xsdbm_v3_0_3_if_static_status |          9 |          9 |       0 |    0 |    7 |      0 |      0 |          0 |
|           U_XSDB_ADDRESS_CONTROLLER                                                |                                     dbg_hub_xsdbm_v3_0_3_addr_ctl |         18 |         18 |       0 |    0 |   19 |      0 |      0 |          0 |
|           U_XSDB_BURST_WD_LEN_CONTROLLER                                           |                              dbg_hub_xsdbm_v3_0_3_burst_wdlen_ctl |         23 |         23 |       0 |    0 |   20 |      0 |      0 |          0 |
|           U_XSDB_BUS_CONTROLLER                                                    |                                      dbg_hub_xsdbm_v3_0_3_bus_ctl |         84 |         84 |       0 |    0 |   54 |      0 |      0 |          0 |
|             (U_XSDB_BUS_CONTROLLER)                                                |                                      dbg_hub_xsdbm_v3_0_3_bus_ctl |         20 |         20 |       0 |    0 |   43 |      0 |      0 |          0 |
|             U_RD_ABORT_FLAG                                                        |                  dbg_hub_xsdbm_v3_0_3_bus_ctl_flg__parameterized0 |         13 |         13 |       0 |    0 |    1 |      0 |      0 |          0 |
|             U_RD_REQ_FLAG                                                          |                                  dbg_hub_xsdbm_v3_0_3_bus_ctl_flg |          9 |          9 |       0 |    0 |    2 |      0 |      0 |          0 |
|             U_TIMER                                                                |                                  dbg_hub_xsdbm_v3_0_3_bus_ctl_cnt |         42 |         42 |       0 |    0 |    8 |      0 |      0 |          0 |
|           U_XSDB_BUS_MSTR2SL_PORT_IFACE                                            |                               dbg_hub_xsdbm_v3_0_3_bus_mstr2sl_if |          9 |          9 |       0 |    0 |   17 |      0 |      0 |          0 |
|             (U_XSDB_BUS_MSTR2SL_PORT_IFACE)                                        |                               dbg_hub_xsdbm_v3_0_3_bus_mstr2sl_if |          1 |          1 |       0 |    0 |   17 |      0 |      0 |          0 |
|             U_RD_DIN_BUS_MUX                                                       |                                  dbg_hub_ltlib_v1_0_2_generic_mux |          8 |          8 |       0 |    0 |    0 |      0 |      0 |          0 |
|         CORE_XSDB.U_ICON                                                           |                                         dbg_hub_xsdbm_v3_0_3_icon |         17 |         17 |       0 |    0 |   28 |      0 |      0 |          0 |
|           (CORE_XSDB.U_ICON)                                                       |                                         dbg_hub_xsdbm_v3_0_3_icon |          1 |          1 |       0 |    0 |    3 |      0 |      0 |          0 |
|           U_CMD                                                                    |                                   dbg_hub_xsdbm_v3_0_3_cmd_decode |          9 |          9 |       0 |    0 |   10 |      0 |      0 |          0 |
|           U_STAT                                                                   |                                         dbg_hub_xsdbm_v3_0_3_stat |          5 |          5 |       0 |    0 |    7 |      0 |      0 |          0 |
|           U_SYNC                                                                   |                                         dbg_hub_xsdbm_v3_0_3_sync |          3 |          3 |       0 |    0 |    8 |      0 |      0 |          0 |
|         SWITCH_N_EXT_BSCAN.bscan_inst                                              |                                        dbg_hub_ltlib_v1_0_2_bscan |          0 |          0 |       0 |    0 |    0 |      0 |      0 |          0 |
|         SWITCH_N_EXT_BSCAN.bscan_switch                                            |                                 dbg_hub_xsdbm_v3_0_3_bscan_switch |        124 |        124 |       0 |    0 |  125 |      0 |      0 |          0 |
|   ila_inst                                                                         |                                                             ila_0 |        875 |        769 |       0 |  106 | 1442 |      3 |      1 |          0 |
|     (ila_inst)                                                                     |                                                             ila_0 |          0 |          0 |       0 |    0 |    0 |      0 |      0 |          0 |
|     inst                                                                           |                                             ila_0_ila_v6_2_16_ila |        875 |        769 |       0 |  106 | 1442 |      3 |      1 |          0 |
|       (inst)                                                                       |                                             ila_0_ila_v6_2_16_ila |          1 |          1 |       0 |    0 |    6 |      0 |      0 |          0 |
|       ila_core_inst                                                                |                                        ila_0_ila_v6_2_16_ila_core |        874 |        768 |       0 |  106 | 1436 |      3 |      1 |          0 |
|         (ila_core_inst)                                                            |                                        ila_0_ila_v6_2_16_ila_core |         16 |          0 |       0 |   16 |   71 |      0 |      0 |          0 |
|         ila_trace_memory_inst                                                      |                                ila_0_ila_v6_2_16_ila_trace_memory |          0 |          0 |       0 |    0 |    0 |      3 |      1 |          0 |
|           SUBCORE_RAM_BLK_MEM_1.trace_block_memory                                 |                                          ila_0_blk_mem_gen_v8_4_9 |          0 |          0 |       0 |    0 |    0 |      3 |      1 |          0 |
|             inst_blk_mem_gen                                                       |                                    ila_0_blk_mem_gen_v8_4_9_synth |          0 |          0 |       0 |    0 |    0 |      3 |      1 |          0 |
|               gnbram.gnativebmg.native_blk_mem_gen                                 |                          ila_0_blk_mem_gen_v8_4_9_blk_mem_gen_top |          0 |          0 |       0 |    0 |    0 |      3 |      1 |          0 |
|                 valid.cstr                                                         |                 ila_0_blk_mem_gen_v8_4_9_blk_mem_gen_generic_cstr |          0 |          0 |       0 |    0 |    0 |      3 |      1 |          0 |
|                   ramloop[0].ram.r                                                 |                   ila_0_blk_mem_gen_v8_4_9_blk_mem_gen_prim_width |          0 |          0 |       0 |    0 |    0 |      0 |      1 |          0 |
|                     prim_noinit.ram                                                |                 ila_0_blk_mem_gen_v8_4_9_blk_mem_gen_prim_wrapper |          0 |          0 |       0 |    0 |    0 |      0 |      1 |          0 |
|                   ramloop[1].ram.r                                                 |   ila_0_blk_mem_gen_v8_4_9_blk_mem_gen_prim_width__parameterized0 |          0 |          0 |       0 |    0 |    0 |      1 |      0 |          0 |
|                     prim_noinit.ram                                                | ila_0_blk_mem_gen_v8_4_9_blk_mem_gen_prim_wrapper__parameterized0 |          0 |          0 |       0 |    0 |    0 |      1 |      0 |          0 |
|                   ramloop[2].ram.r                                                 |   ila_0_blk_mem_gen_v8_4_9_blk_mem_gen_prim_width__parameterized1 |          0 |          0 |       0 |    0 |    0 |      1 |      0 |          0 |
|                     prim_noinit.ram                                                | ila_0_blk_mem_gen_v8_4_9_blk_mem_gen_prim_wrapper__parameterized1 |          0 |          0 |       0 |    0 |    0 |      1 |      0 |          0 |
|                   ramloop[3].ram.r                                                 |   ila_0_blk_mem_gen_v8_4_9_blk_mem_gen_prim_width__parameterized2 |          0 |          0 |       0 |    0 |    0 |      1 |      0 |          0 |
|                     prim_noinit.ram                                                | ila_0_blk_mem_gen_v8_4_9_blk_mem_gen_prim_wrapper__parameterized2 |          0 |          0 |       0 |    0 |    0 |      1 |      0 |          0 |
|         u_ila_cap_ctrl                                                             |                             ila_0_ila_v6_2_16_ila_cap_ctrl_legacy |         69 |         22 |       0 |   47 |  147 |      0 |      0 |          0 |
|           (u_ila_cap_ctrl)                                                         |                             ila_0_ila_v6_2_16_ila_cap_ctrl_legacy |          2 |          2 |       0 |    0 |    3 |      0 |      0 |          0 |
|           U_CDONE                                                                  |                        ila_0_ltlib_v1_0_2_cfglut6__parameterized0 |          3 |          1 |       0 |    2 |    1 |      0 |      0 |          0 |
|           U_NS0                                                                    |                                        ila_0_ltlib_v1_0_2_cfglut7 |          5 |          1 |       0 |    4 |    1 |      0 |      0 |          0 |
|           U_NS1                                                                    |                                     ila_0_ltlib_v1_0_2_cfglut7__1 |          5 |          1 |       0 |    4 |    1 |      0 |      0 |          0 |
|           u_cap_addrgen                                                            |                                 ila_0_ila_v6_2_16_ila_cap_addrgen |         54 |         17 |       0 |   37 |  141 |      0 |      0 |          0 |
|             (u_cap_addrgen)                                                        |                                 ila_0_ila_v6_2_16_ila_cap_addrgen |         13 |         12 |       0 |    1 |   78 |      0 |      0 |          0 |
|             U_CMPRESET                                                             |                                     ila_0_ltlib_v1_0_2_cfglut6__1 |          3 |          1 |       0 |    2 |    0 |      0 |      0 |          0 |
|             u_cap_sample_counter                                                   |                          ila_0_ila_v6_2_16_ila_cap_sample_counter |         16 |          3 |       0 |   13 |   25 |      0 |      0 |          0 |
|               (u_cap_sample_counter)                                               |                          ila_0_ila_v6_2_16_ila_cap_sample_counter |          2 |          2 |       0 |    0 |   13 |      0 |      0 |          0 |
|               U_SCE                                                                |                                     ila_0_ltlib_v1_0_2_cfglut4__1 |          1 |          0 |       0 |    1 |    0 |      0 |      0 |          0 |
|               U_SCMPCE                                                             |                                     ila_0_ltlib_v1_0_2_cfglut5__1 |          1 |          0 |       0 |    1 |    0 |      0 |      0 |          0 |
|               U_SCRST                                                              |                                        ila_0_ltlib_v1_0_2_cfglut6 |          3 |          1 |       0 |    2 |    0 |      0 |      0 |          0 |
|               u_scnt_cmp                                                           |                               ila_0_ltlib_v1_0_2_match_nodelay__1 |          9 |          0 |       0 |    9 |   12 |      0 |      0 |          0 |
|                 allx_typeA_match_detection.ltlib_v1_0_2_allx_typeA_inst            |                          ila_0_ltlib_v1_0_2_allx_typeA_nodelay_40 |          9 |          0 |       0 |    9 |   12 |      0 |      0 |          0 |
|                   (allx_typeA_match_detection.ltlib_v1_0_2_allx_typeA_inst)        |                          ila_0_ltlib_v1_0_2_allx_typeA_nodelay_40 |          0 |          0 |       0 |    0 |   12 |      0 |      0 |          0 |
|                   DUT                                                              |                   ila_0_ltlib_v1_0_2_all_typeA__parameterized0_41 |          9 |          0 |       0 |    9 |    0 |      0 |      0 |          0 |
|                     (DUT)                                                          |                   ila_0_ltlib_v1_0_2_all_typeA__parameterized0_41 |          1 |          0 |       0 |    1 |    0 |      0 |      0 |          0 |
|                     I_WHOLE_SLICE.G_SLICE_IDX[0].U_ALL_SRL_SLICE                   |             ila_0_ltlib_v1_0_2_all_typeA_slice__parameterized0_42 |          4 |          0 |       0 |    4 |    0 |      0 |      0 |          0 |
|                     I_WHOLE_SLICE.G_SLICE_IDX[1].U_ALL_SRL_SLICE                   |             ila_0_ltlib_v1_0_2_all_typeA_slice__parameterized1_43 |          4 |          0 |       0 |    4 |    0 |      0 |      0 |          0 |
|             u_cap_window_counter                                                   |                          ila_0_ila_v6_2_16_ila_cap_window_counter |         23 |          2 |       0 |   21 |   38 |      0 |      0 |          0 |
|               (u_cap_window_counter)                                               |                          ila_0_ila_v6_2_16_ila_cap_window_counter |          2 |          2 |       0 |    0 |   14 |      0 |      0 |          0 |
|               U_WCE                                                                |                                        ila_0_ltlib_v1_0_2_cfglut4 |          1 |          0 |       0 |    1 |    0 |      0 |      0 |          0 |
|               U_WHCMPCE                                                            |                                        ila_0_ltlib_v1_0_2_cfglut5 |          1 |          0 |       0 |    1 |    0 |      0 |      0 |          0 |
|               U_WLCMPCE                                                            |                                     ila_0_ltlib_v1_0_2_cfglut5__2 |          1 |          0 |       0 |    1 |    0 |      0 |      0 |          0 |
|               u_wcnt_hcmp                                                          |                                  ila_0_ltlib_v1_0_2_match_nodelay |          9 |          0 |       0 |    9 |   12 |      0 |      0 |          0 |
|                 allx_typeA_match_detection.ltlib_v1_0_2_allx_typeA_inst            |                             ila_0_ltlib_v1_0_2_allx_typeA_nodelay |          9 |          0 |       0 |    9 |   12 |      0 |      0 |          0 |
|                   (allx_typeA_match_detection.ltlib_v1_0_2_allx_typeA_inst)        |                             ila_0_ltlib_v1_0_2_allx_typeA_nodelay |          0 |          0 |       0 |    0 |   12 |      0 |      0 |          0 |
|                   DUT                                                              |                      ila_0_ltlib_v1_0_2_all_typeA__parameterized0 |          9 |          0 |       0 |    9 |    0 |      0 |      0 |          0 |
|                     (DUT)                                                          |                      ila_0_ltlib_v1_0_2_all_typeA__parameterized0 |          1 |          0 |       0 |    1 |    0 |      0 |      0 |          0 |
|                     I_WHOLE_SLICE.G_SLICE_IDX[0].U_ALL_SRL_SLICE                   |                ila_0_ltlib_v1_0_2_all_typeA_slice__parameterized0 |          4 |          0 |       0 |    4 |    0 |      0 |      0 |          0 |
|                     I_WHOLE_SLICE.G_SLICE_IDX[1].U_ALL_SRL_SLICE                   |                ila_0_ltlib_v1_0_2_all_typeA_slice__parameterized1 |          4 |          0 |       0 |    4 |    0 |      0 |      0 |          0 |
|               u_wcnt_lcmp                                                          |                               ila_0_ltlib_v1_0_2_match_nodelay__2 |          9 |          0 |       0 |    9 |   12 |      0 |      0 |          0 |
|                 allx_typeA_match_detection.ltlib_v1_0_2_allx_typeA_inst            |                          ila_0_ltlib_v1_0_2_allx_typeA_nodelay_36 |          9 |          0 |       0 |    9 |   12 |      0 |      0 |          0 |
|                   (allx_typeA_match_detection.ltlib_v1_0_2_allx_typeA_inst)        |                          ila_0_ltlib_v1_0_2_allx_typeA_nodelay_36 |          0 |          0 |       0 |    0 |   12 |      0 |      0 |          0 |
|                   DUT                                                              |                   ila_0_ltlib_v1_0_2_all_typeA__parameterized0_37 |          9 |          0 |       0 |    9 |    0 |      0 |      0 |          0 |
|                     (DUT)                                                          |                   ila_0_ltlib_v1_0_2_all_typeA__parameterized0_37 |          1 |          0 |       0 |    1 |    0 |      0 |      0 |          0 |
|                     I_WHOLE_SLICE.G_SLICE_IDX[0].U_ALL_SRL_SLICE                   |             ila_0_ltlib_v1_0_2_all_typeA_slice__parameterized0_38 |          4 |          0 |       0 |    4 |    0 |      0 |      0 |          0 |
|                     I_WHOLE_SLICE.G_SLICE_IDX[1].U_ALL_SRL_SLICE                   |             ila_0_ltlib_v1_0_2_all_typeA_slice__parameterized1_39 |          4 |          0 |       0 |    4 |    0 |      0 |      0 |          0 |
|         u_ila_regs                                                                 |                                    ila_0_ila_v6_2_16_ila_register |        687 |        686 |       0 |    1 | 1052 |      0 |      0 |          0 |
|           (u_ila_regs)                                                             |                                    ila_0_ila_v6_2_16_ila_register |        286 |        285 |       0 |    1 |  160 |      0 |      0 |          0 |
|           MU_SRL[0].mu_srl_reg                                                     |                                        ila_0_xsdbs_v1_0_4_reg_p2s |         32 |         32 |       0 |    0 |   43 |      0 |      0 |          0 |
|           MU_SRL[1].mu_srl_reg                                                     |                        ila_0_xsdbs_v1_0_4_reg_p2s__parameterized0 |         32 |         32 |       0 |    0 |   43 |      0 |      0 |          0 |
|           MU_SRL[2].mu_srl_reg                                                     |                        ila_0_xsdbs_v1_0_4_reg_p2s__parameterized1 |         32 |         32 |       0 |    0 |   43 |      0 |      0 |          0 |
|           MU_SRL[3].mu_srl_reg                                                     |                        ila_0_xsdbs_v1_0_4_reg_p2s__parameterized2 |         32 |         32 |       0 |    0 |   43 |      0 |      0 |          0 |
|           MU_SRL[4].mu_srl_reg                                                     |                        ila_0_xsdbs_v1_0_4_reg_p2s__parameterized3 |         32 |         32 |       0 |    0 |   43 |      0 |      0 |          0 |
|           MU_SRL[5].mu_srl_reg                                                     |                        ila_0_xsdbs_v1_0_4_reg_p2s__parameterized4 |         32 |         32 |       0 |    0 |   43 |      0 |      0 |          0 |
|           MU_SRL[6].mu_srl_reg                                                     |                        ila_0_xsdbs_v1_0_4_reg_p2s__parameterized5 |         32 |         32 |       0 |    0 |   43 |      0 |      0 |          0 |
|           TC_SRL[0].tc_srl_reg                                                     |                        ila_0_xsdbs_v1_0_4_reg_p2s__parameterized6 |         32 |         32 |       0 |    0 |   43 |      0 |      0 |          0 |
|           U_XSDB_SLAVE                                                             |                                          ila_0_xsdbs_v1_0_4_xsdbs |         76 |         76 |       0 |    0 |  213 |      0 |      0 |          0 |
|           reg_15                                                                   |                           ila_0_xsdbs_v1_0_4_reg__parameterized38 |          3 |          3 |       0 |    0 |   16 |      0 |      0 |          0 |
|             I_EN_CTL_EQ1.U_CTL                                                     |                                     ila_0_xsdbs_v1_0_4_reg_ctl_32 |          3 |          3 |       0 |    0 |   16 |      0 |      0 |          0 |
|           reg_16                                                                   |                           ila_0_xsdbs_v1_0_4_reg__parameterized39 |          3 |          3 |       0 |    0 |   16 |      0 |      0 |          0 |
|             I_EN_CTL_EQ1.U_CTL                                                     |                                     ila_0_xsdbs_v1_0_4_reg_ctl_31 |          3 |          3 |       0 |    0 |   16 |      0 |      0 |          0 |
|           reg_17                                                                   |                           ila_0_xsdbs_v1_0_4_reg__parameterized40 |          3 |          3 |       0 |    0 |   16 |      0 |      0 |          0 |
|             I_EN_CTL_EQ1.U_CTL                                                     |                                     ila_0_xsdbs_v1_0_4_reg_ctl_30 |          3 |          3 |       0 |    0 |   16 |      0 |      0 |          0 |
|           reg_18                                                                   |                           ila_0_xsdbs_v1_0_4_reg__parameterized41 |          3 |          3 |       0 |    0 |   16 |      0 |      0 |          0 |
|             I_EN_CTL_EQ1.U_CTL                                                     |                                     ila_0_xsdbs_v1_0_4_reg_ctl_29 |          3 |          3 |       0 |    0 |   16 |      0 |      0 |          0 |
|           reg_19                                                                   |                           ila_0_xsdbs_v1_0_4_reg__parameterized42 |          3 |          3 |       0 |    0 |   16 |      0 |      0 |          0 |
|             I_EN_CTL_EQ1.U_CTL                                                     |                                     ila_0_xsdbs_v1_0_4_reg_ctl_28 |          3 |          3 |       0 |    0 |   16 |      0 |      0 |          0 |
|           reg_1a                                                                   |                           ila_0_xsdbs_v1_0_4_reg__parameterized43 |          3 |          3 |       0 |    0 |   16 |      0 |      0 |          0 |
|             I_EN_CTL_EQ1.U_CTL                                                     |                     ila_0_xsdbs_v1_0_4_reg_ctl__parameterized1_27 |          3 |          3 |       0 |    0 |   16 |      0 |      0 |          0 |
|           reg_6                                                                    |                           ila_0_xsdbs_v1_0_4_reg__parameterized23 |          3 |          3 |       0 |    0 |   16 |      0 |      0 |          0 |
|             I_EN_CTL_EQ1.U_CTL                                                     |                                     ila_0_xsdbs_v1_0_4_reg_ctl_35 |          3 |          3 |       0 |    0 |   16 |      0 |      0 |          0 |
|           reg_7                                                                    |                           ila_0_xsdbs_v1_0_4_reg__parameterized24 |          3 |          3 |       0 |    0 |   16 |      0 |      0 |          0 |
|             I_EN_CTL_EQ1.U_CTL                                                     |                        ila_0_xsdbs_v1_0_4_reg_ctl__parameterized0 |          3 |          3 |       0 |    0 |   16 |      0 |      0 |          0 |
|           reg_8                                                                    |                           ila_0_xsdbs_v1_0_4_reg__parameterized25 |          0 |          0 |       0 |    0 |    5 |      0 |      0 |          0 |
|             I_EN_STAT_EQ1.U_STAT                                                   |                                    ila_0_xsdbs_v1_0_4_reg_stat_34 |          0 |          0 |       0 |    0 |    5 |      0 |      0 |          0 |
|           reg_80                                                                   |                           ila_0_xsdbs_v1_0_4_reg__parameterized44 |          3 |          3 |       0 |    0 |   16 |      0 |      0 |          0 |
|             I_EN_CTL_EQ1.U_CTL                                                     |                     ila_0_xsdbs_v1_0_4_reg_ctl__parameterized1_26 |          3 |          3 |       0 |    0 |   16 |      0 |      0 |          0 |
|           reg_81                                                                   |                           ila_0_xsdbs_v1_0_4_reg__parameterized45 |          3 |          3 |       0 |    0 |   16 |      0 |      0 |          0 |
|             I_EN_CTL_EQ1.U_CTL                                                     |                                     ila_0_xsdbs_v1_0_4_reg_ctl_25 |          3 |          3 |       0 |    0 |   16 |      0 |      0 |          0 |
|           reg_82                                                                   |                           ila_0_xsdbs_v1_0_4_reg__parameterized46 |          3 |          3 |       0 |    0 |   16 |      0 |      0 |          0 |
|             I_EN_CTL_EQ1.U_CTL                                                     |                        ila_0_xsdbs_v1_0_4_reg_ctl__parameterized1 |          3 |          3 |       0 |    0 |   16 |      0 |      0 |          0 |
|           reg_83                                                                   |                           ila_0_xsdbs_v1_0_4_reg__parameterized47 |          3 |          3 |       0 |    0 |   16 |      0 |      0 |          0 |
|             I_EN_CTL_EQ1.U_CTL                                                     |                                     ila_0_xsdbs_v1_0_4_reg_ctl_24 |          3 |          3 |       0 |    0 |   16 |      0 |      0 |          0 |
|           reg_84                                                                   |                           ila_0_xsdbs_v1_0_4_reg__parameterized48 |          3 |          3 |       0 |    0 |   16 |      0 |      0 |          0 |
|             I_EN_CTL_EQ1.U_CTL                                                     |                                     ila_0_xsdbs_v1_0_4_reg_ctl_23 |          3 |          3 |       0 |    0 |   16 |      0 |      0 |          0 |
|           reg_85                                                                   |                           ila_0_xsdbs_v1_0_4_reg__parameterized49 |          3 |          3 |       0 |    0 |   16 |      0 |      0 |          0 |
|             I_EN_CTL_EQ1.U_CTL                                                     |                                     ila_0_xsdbs_v1_0_4_reg_ctl_22 |          3 |          3 |       0 |    0 |   16 |      0 |      0 |          0 |
|           reg_887                                                                  |                           ila_0_xsdbs_v1_0_4_reg__parameterized51 |          1 |          1 |       0 |    0 |    1 |      0 |      0 |          0 |
|             I_EN_STAT_EQ1.U_STAT                                                   |                                    ila_0_xsdbs_v1_0_4_reg_stat_21 |          1 |          1 |       0 |    0 |    1 |      0 |      0 |          0 |
|           reg_88d                                                                  |                           ila_0_xsdbs_v1_0_4_reg__parameterized53 |          0 |          0 |       0 |    0 |    2 |      0 |      0 |          0 |
|             I_EN_STAT_EQ1.U_STAT                                                   |                                    ila_0_xsdbs_v1_0_4_reg_stat_20 |          0 |          0 |       0 |    0 |    2 |      0 |      0 |          0 |
|           reg_890                                                                  |                           ila_0_xsdbs_v1_0_4_reg__parameterized56 |          0 |          0 |       0 |    0 |   16 |      0 |      0 |          0 |
|             (reg_890)                                                              |                           ila_0_xsdbs_v1_0_4_reg__parameterized56 |          0 |          0 |       0 |    0 |    0 |      0 |      0 |          0 |
|             I_EN_STAT_EQ1.U_STAT                                                   |                                    ila_0_xsdbs_v1_0_4_reg_stat_19 |          0 |          0 |       0 |    0 |   16 |      0 |      0 |          0 |
|           reg_9                                                                    |                           ila_0_xsdbs_v1_0_4_reg__parameterized26 |          0 |          0 |       0 |    0 |   12 |      0 |      0 |          0 |
|             I_EN_STAT_EQ1.U_STAT                                                   |                                    ila_0_xsdbs_v1_0_4_reg_stat_33 |          0 |          0 |       0 |    0 |   12 |      0 |      0 |          0 |
|           reg_srl_fff                                                              |                        ila_0_xsdbs_v1_0_4_reg_p2s__parameterized7 |         32 |         32 |       0 |    0 |   43 |      0 |      0 |          0 |
|           reg_stream_ffd                                                           |                                     ila_0_xsdbs_v1_0_4_reg_stream |          3 |          3 |       0 |    0 |   16 |      0 |      0 |          0 |
|             I_EN_CTL_EQ1.U_CTL                                                     |                                        ila_0_xsdbs_v1_0_4_reg_ctl |          3 |          3 |       0 |    0 |   16 |      0 |      0 |          0 |
|           reg_stream_ffe                                                           |                     ila_0_xsdbs_v1_0_4_reg_stream__parameterized0 |          3 |          3 |       0 |    0 |   16 |      0 |      0 |          0 |
|             (reg_stream_ffe)                                                       |                     ila_0_xsdbs_v1_0_4_reg_stream__parameterized0 |          3 |          3 |       0 |    0 |    0 |      0 |      0 |          0 |
|             I_EN_STAT_EQ1.U_STAT                                                   |                                       ila_0_xsdbs_v1_0_4_reg_stat |          0 |          0 |       0 |    0 |   16 |      0 |      0 |          0 |
|         u_ila_reset_ctrl                                                           |                                  ila_0_ila_v6_2_16_ila_reset_ctrl |          9 |          9 |       0 |    0 |   34 |      0 |      0 |          0 |
|           (u_ila_reset_ctrl)                                                       |                                  ila_0_ila_v6_2_16_ila_reset_ctrl |          3 |          3 |       0 |    0 |    8 |      0 |      0 |          0 |
|           arm_detection_inst                                                       |                          ila_0_ltlib_v1_0_2_rising_edge_detection |          1 |          1 |       0 |    0 |    3 |      0 |      0 |          0 |
|           asyncrounous_transfer.arm_in_transfer_inst                               |                             ila_0_ltlib_v1_0_2_async_edge_xfer__2 |          1 |          1 |       0 |    0 |    5 |      0 |      0 |          0 |
|           asyncrounous_transfer.arm_out_transfer_inst                              |                             ila_0_ltlib_v1_0_2_async_edge_xfer__3 |          1 |          1 |       0 |    0 |    5 |      0 |      0 |          0 |
|           asyncrounous_transfer.halt_in_transfer_inst                              |                             ila_0_ltlib_v1_0_2_async_edge_xfer__1 |          1 |          1 |       0 |    0 |    5 |      0 |      0 |          0 |
|           asyncrounous_transfer.halt_out_transfer_inst                             |                                ila_0_ltlib_v1_0_2_async_edge_xfer |          1 |          1 |       0 |    0 |    5 |      0 |      0 |          0 |
|           halt_detection_inst                                                      |                       ila_0_ltlib_v1_0_2_rising_edge_detection__1 |          1 |          1 |       0 |    0 |    3 |      0 |      0 |          0 |
|         u_trig                                                                     |                                     ila_0_ila_v6_2_16_ila_trigger |         55 |         15 |       0 |   40 |   80 |      0 |      0 |          0 |
|           (u_trig)                                                                 |                                     ila_0_ila_v6_2_16_ila_trigger |          1 |          1 |       0 |    0 |    1 |      0 |      0 |          0 |
|           N_DDR_TC.N_DDR_TC_INST[0].U_TC                                           |                                          ila_0_ltlib_v1_0_2_match |          5 |          0 |       0 |    5 |    9 |      0 |      0 |          0 |
|             (N_DDR_TC.N_DDR_TC_INST[0].U_TC)                                       |                                          ila_0_ltlib_v1_0_2_match |          0 |          0 |       0 |    0 |    1 |      0 |      0 |          0 |
|             allx_typeA_match_detection.ltlib_v1_0_2_allx_typeA_inst                |                                     ila_0_ltlib_v1_0_2_allx_typeA |          5 |          0 |       0 |    5 |    8 |      0 |      0 |          0 |
|               (allx_typeA_match_detection.ltlib_v1_0_2_allx_typeA_inst)            |                                     ila_0_ltlib_v1_0_2_allx_typeA |          0 |          0 |       0 |    0 |    7 |      0 |      0 |          0 |
|               DUT                                                                  |                                   ila_0_ltlib_v1_0_2_all_typeA_17 |          5 |          0 |       0 |    5 |    1 |      0 |      0 |          0 |
|                 (DUT)                                                              |                                   ila_0_ltlib_v1_0_2_all_typeA_17 |          1 |          0 |       0 |    1 |    0 |      0 |      0 |          0 |
|                 I_WHOLE_SLICE.G_SLICE_IDX[0].U_ALL_SRL_SLICE                       |                             ila_0_ltlib_v1_0_2_all_typeA_slice_18 |          4 |          0 |       0 |    4 |    1 |      0 |      0 |          0 |
|           U_TM                                                                     |                                  ila_0_ila_v6_2_16_ila_trig_match |         49 |         14 |       0 |   35 |   70 |      0 |      0 |          0 |
|             (U_TM)                                                                 |                                  ila_0_ila_v6_2_16_ila_trig_match |         14 |         14 |       0 |    0 |    0 |      0 |      0 |          0 |
|             N_DDR_MODE.G_NMU[0].U_M                                                |                       ila_0_ltlib_v1_0_2_match__parameterized0__1 |          5 |          0 |       0 |    5 |    4 |      0 |      0 |          0 |
|               (N_DDR_MODE.G_NMU[0].U_M)                                            |                       ila_0_ltlib_v1_0_2_match__parameterized0__1 |          0 |          0 |       0 |    0 |    1 |      0 |      0 |          0 |
|               allx_typeA_match_detection.ltlib_v1_0_2_allx_typeA_inst              |                  ila_0_ltlib_v1_0_2_allx_typeA__parameterized0_14 |          5 |          0 |       0 |    5 |    3 |      0 |      0 |          0 |
|                 (allx_typeA_match_detection.ltlib_v1_0_2_allx_typeA_inst)          |                  ila_0_ltlib_v1_0_2_allx_typeA__parameterized0_14 |          0 |          0 |       0 |    0 |    2 |      0 |      0 |          0 |
|                 DUT                                                                |                                   ila_0_ltlib_v1_0_2_all_typeA_15 |          5 |          0 |       0 |    5 |    1 |      0 |      0 |          0 |
|                   (DUT)                                                            |                                   ila_0_ltlib_v1_0_2_all_typeA_15 |          1 |          0 |       0 |    1 |    0 |      0 |      0 |          0 |
|                   I_WHOLE_SLICE.G_SLICE_IDX[0].U_ALL_SRL_SLICE                     |                             ila_0_ltlib_v1_0_2_all_typeA_slice_16 |          4 |          0 |       0 |    4 |    1 |      0 |      0 |          0 |
|             N_DDR_MODE.G_NMU[1].U_M                                                |                       ila_0_ltlib_v1_0_2_match__parameterized0__2 |          5 |          0 |       0 |    5 |    4 |      0 |      0 |          0 |
|               (N_DDR_MODE.G_NMU[1].U_M)                                            |                       ila_0_ltlib_v1_0_2_match__parameterized0__2 |          0 |          0 |       0 |    0 |    1 |      0 |      0 |          0 |
|               allx_typeA_match_detection.ltlib_v1_0_2_allx_typeA_inst              |                  ila_0_ltlib_v1_0_2_allx_typeA__parameterized0_11 |          5 |          0 |       0 |    5 |    3 |      0 |      0 |          0 |
|                 (allx_typeA_match_detection.ltlib_v1_0_2_allx_typeA_inst)          |                  ila_0_ltlib_v1_0_2_allx_typeA__parameterized0_11 |          0 |          0 |       0 |    0 |    2 |      0 |      0 |          0 |
|                 DUT                                                                |                                   ila_0_ltlib_v1_0_2_all_typeA_12 |          5 |          0 |       0 |    5 |    1 |      0 |      0 |          0 |
|                   (DUT)                                                            |                                   ila_0_ltlib_v1_0_2_all_typeA_12 |          1 |          0 |       0 |    1 |    0 |      0 |      0 |          0 |
|                   I_WHOLE_SLICE.G_SLICE_IDX[0].U_ALL_SRL_SLICE                     |                             ila_0_ltlib_v1_0_2_all_typeA_slice_13 |          4 |          0 |       0 |    4 |    1 |      0 |      0 |          0 |
|             N_DDR_MODE.G_NMU[2].U_M                                                |                       ila_0_ltlib_v1_0_2_match__parameterized1__1 |          5 |          0 |       0 |    5 |   18 |      0 |      0 |          0 |
|               (N_DDR_MODE.G_NMU[2].U_M)                                            |                       ila_0_ltlib_v1_0_2_match__parameterized1__1 |          0 |          0 |       0 |    0 |    1 |      0 |      0 |          0 |
|               allx_typeA_match_detection.ltlib_v1_0_2_allx_typeA_inst              |                   ila_0_ltlib_v1_0_2_allx_typeA__parameterized1_8 |          5 |          0 |       0 |    5 |   17 |      0 |      0 |          0 |
|                 (allx_typeA_match_detection.ltlib_v1_0_2_allx_typeA_inst)          |                   ila_0_ltlib_v1_0_2_allx_typeA__parameterized1_8 |          0 |          0 |       0 |    0 |   16 |      0 |      0 |          0 |
|                 DUT                                                                |                                    ila_0_ltlib_v1_0_2_all_typeA_9 |          5 |          0 |       0 |    5 |    1 |      0 |      0 |          0 |
|                   (DUT)                                                            |                                    ila_0_ltlib_v1_0_2_all_typeA_9 |          1 |          0 |       0 |    1 |    0 |      0 |      0 |          0 |
|                   I_WHOLE_SLICE.G_SLICE_IDX[0].U_ALL_SRL_SLICE                     |                             ila_0_ltlib_v1_0_2_all_typeA_slice_10 |          4 |          0 |       0 |    4 |    1 |      0 |      0 |          0 |
|             N_DDR_MODE.G_NMU[3].U_M                                                |                       ila_0_ltlib_v1_0_2_match__parameterized0__3 |          5 |          0 |       0 |    5 |    4 |      0 |      0 |          0 |
|               (N_DDR_MODE.G_NMU[3].U_M)                                            |                       ila_0_ltlib_v1_0_2_match__parameterized0__3 |          0 |          0 |       0 |    0 |    1 |      0 |      0 |          0 |
|               allx_typeA_match_detection.ltlib_v1_0_2_allx_typeA_inst              |                   ila_0_ltlib_v1_0_2_allx_typeA__parameterized0_5 |          5 |          0 |       0 |    5 |    3 |      0 |      0 |          0 |
|                 (allx_typeA_match_detection.ltlib_v1_0_2_allx_typeA_inst)          |                   ila_0_ltlib_v1_0_2_allx_typeA__parameterized0_5 |          0 |          0 |       0 |    0 |    2 |      0 |      0 |          0 |
|                 DUT                                                                |                                    ila_0_ltlib_v1_0_2_all_typeA_6 |          5 |          0 |       0 |    5 |    1 |      0 |      0 |          0 |
|                   (DUT)                                                            |                                    ila_0_ltlib_v1_0_2_all_typeA_6 |          1 |          0 |       0 |    1 |    0 |      0 |      0 |          0 |
|                   I_WHOLE_SLICE.G_SLICE_IDX[0].U_ALL_SRL_SLICE                     |                              ila_0_ltlib_v1_0_2_all_typeA_slice_7 |          4 |          0 |       0 |    4 |    1 |      0 |      0 |          0 |
|             N_DDR_MODE.G_NMU[4].U_M                                                |                          ila_0_ltlib_v1_0_2_match__parameterized0 |          5 |          0 |       0 |    5 |    4 |      0 |      0 |          0 |
|               (N_DDR_MODE.G_NMU[4].U_M)                                            |                          ila_0_ltlib_v1_0_2_match__parameterized0 |          0 |          0 |       0 |    0 |    1 |      0 |      0 |          0 |
|               allx_typeA_match_detection.ltlib_v1_0_2_allx_typeA_inst              |                     ila_0_ltlib_v1_0_2_allx_typeA__parameterized0 |          5 |          0 |       0 |    5 |    3 |      0 |      0 |          0 |
|                 (allx_typeA_match_detection.ltlib_v1_0_2_allx_typeA_inst)          |                     ila_0_ltlib_v1_0_2_allx_typeA__parameterized0 |          0 |          0 |       0 |    0 |    2 |      0 |      0 |          0 |
|                 DUT                                                                |                                    ila_0_ltlib_v1_0_2_all_typeA_3 |          5 |          0 |       0 |    5 |    1 |      0 |      0 |          0 |
|                   (DUT)                                                            |                                    ila_0_ltlib_v1_0_2_all_typeA_3 |          1 |          0 |       0 |    1 |    0 |      0 |      0 |          0 |
|                   I_WHOLE_SLICE.G_SLICE_IDX[0].U_ALL_SRL_SLICE                     |                              ila_0_ltlib_v1_0_2_all_typeA_slice_4 |          4 |          0 |       0 |    4 |    1 |      0 |      0 |          0 |
|             N_DDR_MODE.G_NMU[5].U_M                                                |                       ila_0_ltlib_v1_0_2_match__parameterized1__2 |          5 |          0 |       0 |    5 |   18 |      0 |      0 |          0 |
|               (N_DDR_MODE.G_NMU[5].U_M)                                            |                       ila_0_ltlib_v1_0_2_match__parameterized1__2 |          0 |          0 |       0 |    0 |    1 |      0 |      0 |          0 |
|               allx_typeA_match_detection.ltlib_v1_0_2_allx_typeA_inst              |                   ila_0_ltlib_v1_0_2_allx_typeA__parameterized1_0 |          5 |          0 |       0 |    5 |   17 |      0 |      0 |          0 |
|                 (allx_typeA_match_detection.ltlib_v1_0_2_allx_typeA_inst)          |                   ila_0_ltlib_v1_0_2_allx_typeA__parameterized1_0 |          0 |          0 |       0 |    0 |   16 |      0 |      0 |          0 |
|                 DUT                                                                |                                    ila_0_ltlib_v1_0_2_all_typeA_1 |          5 |          0 |       0 |    5 |    1 |      0 |      0 |          0 |
|                   (DUT)                                                            |                                    ila_0_ltlib_v1_0_2_all_typeA_1 |          1 |          0 |       0 |    1 |    0 |      0 |      0 |          0 |
|                   I_WHOLE_SLICE.G_SLICE_IDX[0].U_ALL_SRL_SLICE                     |                              ila_0_ltlib_v1_0_2_all_typeA_slice_2 |          4 |          0 |       0 |    4 |    1 |      0 |      0 |          0 |
|             N_DDR_MODE.G_NMU[6].U_M                                                |                          ila_0_ltlib_v1_0_2_match__parameterized1 |          5 |          0 |       0 |    5 |   18 |      0 |      0 |          0 |
|               (N_DDR_MODE.G_NMU[6].U_M)                                            |                          ila_0_ltlib_v1_0_2_match__parameterized1 |          0 |          0 |       0 |    0 |    1 |      0 |      0 |          0 |
|               allx_typeA_match_detection.ltlib_v1_0_2_allx_typeA_inst              |                     ila_0_ltlib_v1_0_2_allx_typeA__parameterized1 |          5 |          0 |       0 |    5 |   17 |      0 |      0 |          0 |
|                 (allx_typeA_match_detection.ltlib_v1_0_2_allx_typeA_inst)          |                     ila_0_ltlib_v1_0_2_allx_typeA__parameterized1 |          0 |          0 |       0 |    0 |   16 |      0 |      0 |          0 |
|                 DUT                                                                |                                      ila_0_ltlib_v1_0_2_all_typeA |          5 |          0 |       0 |    5 |    1 |      0 |      0 |          0 |
|                   (DUT)                                                            |                                      ila_0_ltlib_v1_0_2_all_typeA |          1 |          0 |       0 |    1 |    0 |      0 |      0 |          0 |
|                   I_WHOLE_SLICE.G_SLICE_IDX[0].U_ALL_SRL_SLICE                     |                                ila_0_ltlib_v1_0_2_all_typeA_slice |          4 |          0 |       0 |    4 |    1 |      0 |      0 |          0 |
|         xsdb_memory_read_inst                                                      |                                  ila_0_ltlib_v1_0_2_generic_memrd |         38 |         36 |       0 |    2 |   52 |      0 |      0 |          0 |
|   mlp_inst                                                                         |                                                           mlp_top |        372 |        372 |       0 |    0 |  303 |      0 |      0 |          0 |
|     controller_inst                                                                |                                                    mlp_controller |        113 |        113 |       0 |    0 |   53 |      0 |      0 |          0 |
|     datapath_inst                                                                  |                                              mlp_compute_datapath |        259 |        259 |       0 |    0 |  250 |      0 |      0 |          0 |
|       (datapath_inst)                                                              |                                              mlp_compute_datapath |          0 |          0 |       0 |    0 |   33 |      0 |      0 |          0 |
|       activation_inst                                                              |                                                   activation_unit |         93 |         93 |       0 |    0 |   26 |      0 |      0 |          0 |
|       mac_inst                                                                     |                                                      mac_array_8x |        166 |        166 |       0 |    0 |  191 |      0 |      0 |          0 |
|   vio_inst                                                                         |                                                             vio_0 |        128 |        128 |       0 |    0 |  316 |      0 |      0 |          0 |
|     (vio_inst)                                                                     |                                                             vio_0 |          0 |          0 |       0 |    0 |    0 |      0 |      0 |          0 |
|     inst                                                                           |                                             vio_0_vio_v3_0_26_vio |        128 |        128 |       0 |    0 |  316 |      0 |      0 |          0 |
|       (inst)                                                                       |                                             vio_0_vio_v3_0_26_vio |          0 |          0 |       0 |    0 |   16 |      0 |      0 |          0 |
|       DECODER_INST                                                                 |                                         vio_0_vio_v3_0_26_decoder |         26 |         26 |       0 |    0 |   49 |      0 |      0 |          0 |
|       PROBE_OUT_ALL_INST                                                           |                                   vio_0_vio_v3_0_26_probe_out_all |         24 |         24 |       0 |    0 |   87 |      0 |      0 |          0 |
|         (PROBE_OUT_ALL_INST)                                                       |                                   vio_0_vio_v3_0_26_probe_out_all |         23 |         23 |       0 |    0 |   21 |      0 |      0 |          0 |
|         G_PROBE_OUT[0].PROBE_OUT0_INST                                             |                                   vio_0_vio_v3_0_26_probe_out_one |          1 |          1 |       0 |    0 |    2 |      0 |      0 |          0 |
|         G_PROBE_OUT[1].PROBE_OUT0_INST                                             |                   vio_0_vio_v3_0_26_probe_out_one__parameterized0 |          0 |          0 |       0 |    0 |   32 |      0 |      0 |          0 |
|         G_PROBE_OUT[2].PROBE_OUT0_INST                                             |                 vio_0_vio_v3_0_26_probe_out_one__parameterized0_0 |          0 |          0 |       0 |    0 |   32 |      0 |      0 |          0 |
|       PROBE_OUT_WIDTH_INST                                                         |                                     vio_0_vio_v3_0_26_probe_width |          1 |          1 |       0 |    0 |    3 |      0 |      0 |          0 |
|       U_XSDB_SLAVE                                                                 |                                          vio_0_xsdbs_v1_0_4_xsdbs |         77 |         77 |       0 |    0 |  161 |      0 |      0 |          0 |
+------------------------------------------------------------------------------------+-------------------------------------------------------------------+------------+------------+---------+------+------+--------+--------+------------+
* Note: The sum of lower-level cells may be larger than their parent cells total, due to cross-hierarchy LUT combining


