Copyright 1986-2022 Xilinx, Inc. All Rights Reserved. Copyright 2022-2024 Advanced Micro Devices, Inc. All Rights Reserved.
---------------------------------------------------------------------------------------------------------------------------------------------------------------------------
| Tool Version : Vivado v.2024.2 (win64) Build 5239630 Fri Nov 08 22:35:27 MST 2024
| Date         : Wed Jan 28 15:51:04 2026
| Host         : DESKTOP-VAD40IB running 64-bit major release  (build 9200)
| Command      : report_utilization -hierarchical -file R:/fpga/fpga-power-test-accel/reports/mlp_power_test_minimal/mlp_power_test_wrapper_minimal_utilization_routed.rpt
| Design       : mlp_power_test_wrapper_minimal
| Device       : xc7a35tcpg236-1
| Speed File   : -1
| Design State : Routed
---------------------------------------------------------------------------------------------------------------------------------------------------------------------------

Utilization Design Information

Table of Contents
-----------------
1. Utilization by Hierarchy

1. Utilization by Hierarchy
---------------------------

+------------------------------------+----------------------+------------+------------+---------+------+-----+--------+--------+------------+
|              Instance              |        Module        | Total LUTs | Logic LUTs | LUTRAMs | SRLs | FFs | RAMB36 | RAMB18 | DSP Blocks |
+------------------------------------+----------------------+------------+------------+---------+------+-----+--------+--------+------------+
| mlp_power_test_wrapper_minimal     |                (top) |        925 |        925 |       0 |    0 | 609 |      6 |      1 |          0 |
|   (mlp_power_test_wrapper_minimal) |                (top) |         58 |         58 |       0 |    0 |  53 |      0 |      0 |          0 |
|   mlp_inst                         |              mlp_top |        868 |        868 |       0 |    0 | 556 |      6 |      1 |          0 |
|     (mlp_inst)                     |              mlp_top |          5 |          5 |       0 |    0 | 136 |      0 |      0 |          0 |
|     controller_inst                |       mlp_controller |         99 |         99 |       0 |    0 | 117 |      0 |      0 |          0 |
|     datapath_inst                  | mlp_compute_datapath |        765 |        765 |       0 |    0 | 303 |      0 |      0 |          0 |
|       (datapath_inst)              | mlp_compute_datapath |         18 |         18 |       0 |    0 |  33 |      0 |      0 |          0 |
|       activation_inst              |      activation_unit |         73 |         73 |       0 |    0 |  26 |      0 |      0 |          0 |
|       mac_inst                     |         mac_array_8x |        675 |        675 |       0 |    0 | 244 |      0 |      0 |          0 |
|     memory_inst                    | mlp_memory_subsystem |          0 |          0 |       0 |    0 |   0 |      6 |      1 |          0 |
+------------------------------------+----------------------+------------+------------+---------+------+-----+--------+--------+------------+
* Note: The sum of lower-level cells may be larger than their parent cells total, due to cross-hierarchy LUT combining


