Copyright 1986-2022 Xilinx, Inc. All Rights Reserved. Copyright 2022-2024 Advanced Micro Devices, Inc. All Rights Reserved.
---------------------------------------------------------------------------------------------------------------------------------------------
| Tool Version : Vivado v.2024.2 (win64) Build 5239630 Fri Nov 08 22:35:27 MST 2024
| Date         : Wed Jan 28 14:10:20 2026
| Host         : DESKTOP-VAD40IB running 64-bit major release  (build 9200)
| Command      : report_control_sets -verbose -file mlp_top_control_sets_placed.rpt
| Design       : mlp_top
| Device       : xc7a35t
---------------------------------------------------------------------------------------------------------------------------------------------

Control Set Information

Table of Contents
-----------------
1. Summary
2. Histogram
3. Flip-Flop Distribution
4. Detailed Control Set Information

1. Summary
----------

+----------------------------------------------------------+-------+
|                          Status                          | Count |
+----------------------------------------------------------+-------+
| Total control sets                                       |    20 |
|    Minimum number of control sets                        |    20 |
|    Addition due to synthesis replication                 |     0 |
|    Addition due to physical synthesis replication        |     0 |
| Unused register locations in slices containing registers |    33 |
+----------------------------------------------------------+-------+
* Control sets can be merged at opt_design using control_set_merge or merge_equivalent_drivers
** Run report_qor_suggestions for automated merging and remapping suggestions


2. Histogram
------------

+--------------------+-------+
|       Fanout       | Count |
+--------------------+-------+
| Total control sets |    20 |
| >= 0 to < 4        |     2 |
| >= 4 to < 6        |     1 |
| >= 6 to < 8        |     1 |
| >= 8 to < 10       |     0 |
| >= 10 to < 12      |     0 |
| >= 12 to < 14      |     0 |
| >= 14 to < 16      |     1 |
| >= 16              |    15 |
+--------------------+-------+
* Control sets can be remapped at either synth_design or opt_design


3. Flip-Flop Distribution
-------------------------

+--------------+-----------------------+------------------------+-----------------+--------------+
| Clock Enable | Synchronous Set/Reset | Asynchronous Set/Reset | Total Registers | Total Slices |
+--------------+-----------------------+------------------------+-----------------+--------------+
| No           | No                    | No                     |               0 |            0 |
| No           | No                    | Yes                    |             156 |           41 |
| No           | Yes                   | No                     |               0 |            0 |
| Yes          | No                    | No                     |               0 |            0 |
| Yes          | No                    | Yes                    |             403 |          115 |
| Yes          | Yes                   | No                     |               0 |            0 |
+--------------+-----------------------+------------------------+-----------------+--------------+


4. Detailed Control Set Information
-----------------------------------

+----------------+----------------------------------------------+------------------------------+------------------+----------------+--------------+
|  Clock Signal  |                 Enable Signal                |       Set/Reset Signal       | Slice Load Count | Bel Load Count | Bels / Slice |
+----------------+----------------------------------------------+------------------------------+------------------+----------------+--------------+
|  clk_IBUF_BUFG | controller_inst/busy_i_1_n_0                 | datapath_inst/mac_inst/rst_n |                1 |              1 |         1.00 |
|  clk_IBUF_BUFG | controller_inst/done_i_1_n_0                 | datapath_inst/mac_inst/rst_n |                1 |              1 |         1.00 |
|  clk_IBUF_BUFG | controller_inst/load_counter[3]_i_1_n_0      | datapath_inst/mac_inst/rst_n |                1 |              4 |         4.00 |
|  clk_IBUF_BUFG | controller_inst/FSM_onehot_state[6]_i_1_n_0  | datapath_inst/mac_inst/rst_n |                3 |              7 |         2.33 |
|  clk_IBUF_BUFG | controller_inst/input_idx[15]_i_1_n_0        | datapath_inst/mac_inst/rst_n |                4 |             14 |         3.50 |
|  clk_IBUF_BUFG | datapath_inst/acc_plus_bias_valid__0         | datapath_inst/mac_inst/rst_n |                4 |             16 |         4.00 |
|  clk_IBUF_BUFG | controller_inst/mac_clear_reg_rep__0_1       | datapath_inst/mac_inst/rst_n |                4 |             16 |         4.00 |
|  clk_IBUF_BUFG | controller_inst/load_inputs_weights_reg_0[0] | datapath_inst/mac_inst/rst_n |                9 |             16 |         1.78 |
|  clk_IBUF_BUFG | controller_inst/load_inputs_weights_reg_1[0] | datapath_inst/mac_inst/rst_n |                7 |             16 |         2.29 |
|  clk_IBUF_BUFG | controller_inst/load_inputs_weights_reg_3[0] | datapath_inst/mac_inst/rst_n |                6 |             16 |         2.67 |
|  clk_IBUF_BUFG | controller_inst/load_inputs_weights_reg_7[0] | datapath_inst/mac_inst/rst_n |                8 |             16 |         2.00 |
|  clk_IBUF_BUFG | controller_inst/load_inputs_weights_reg_4[0] | datapath_inst/mac_inst/rst_n |                7 |             16 |         2.29 |
|  clk_IBUF_BUFG | controller_inst/load_inputs_weights_reg_5[0] | datapath_inst/mac_inst/rst_n |                6 |             16 |         2.67 |
|  clk_IBUF_BUFG | controller_inst/load_inputs_weights_reg_2[0] | datapath_inst/mac_inst/rst_n |                5 |             16 |         3.20 |
|  clk_IBUF_BUFG | controller_inst/load_inputs_weights_reg_6[0] | datapath_inst/mac_inst/rst_n |                8 |             16 |         2.00 |
|  clk_IBUF_BUFG | controller_inst/mac_clear_reg_rep__0_2[0]    | datapath_inst/mac_inst/rst_n |                4 |             16 |         4.00 |
|  clk_IBUF_BUFG | controller_inst/addr_in[11]_i_1_n_0          | datapath_inst/mac_inst/rst_n |                6 |             26 |         4.33 |
|  clk_IBUF_BUFG | controller_inst/weight_base_addr[13]_i_1_n_0 | datapath_inst/mac_inst/rst_n |                8 |             46 |         5.75 |
|  clk_IBUF_BUFG | controller_inst/E[0]                         | datapath_inst/mac_inst/rst_n |               23 |            128 |         5.57 |
|  clk_IBUF_BUFG |                                              | datapath_inst/mac_inst/rst_n |               41 |            156 |         3.80 |
+----------------+----------------------------------------------+------------------------------+------------------+----------------+--------------+


