Copyright 1986-2022 Xilinx, Inc. All Rights Reserved. Copyright 2022-2024 Advanced Micro Devices, Inc. All Rights Reserved.
---------------------------------------------------------------------------------------------------------------------------------------------
| Tool Version : Vivado v.2024.2 (win64) Build 5239630 Fri Nov 08 22:35:27 MST 2024
| Date         : Wed Jan 28 14:10:15 2026
| Host         : DESKTOP-VAD40IB running 64-bit major release  (build 9200)
| Command      : report_drc -file mlp_top_drc_opted.rpt -pb mlp_top_drc_opted.pb -rpx mlp_top_drc_opted.rpx
| Design       : mlp_top
| Device       : xc7a35tftg256-1
| Speed File   : -1
| Design State : Synthesized
---------------------------------------------------------------------------------------------------------------------------------------------

Report DRC

Table of Contents
-----------------
1. REPORT SUMMARY
2. REPORT DETAILS

1. REPORT SUMMARY
-----------------
            Netlist: netlist
          Floorplan: checkpoint_mlp_top
      Design limits: <entire design considered>
           Ruledeck: default
             Max checks: <unlimited>
             Checks found: 33
+-----------+------------------+-----------------------------------------------------+--------+
| Rule      | Severity         | Description                                         | Checks |
+-----------+------------------+-----------------------------------------------------+--------+
| NSTD-1    | Critical Warning | Unspecified I/O Standard                            | 1      |
| UCIO-1    | Critical Warning | Unconstrained Logical Port                          | 1      |
| CFGBVS-1  | Warning          | Missing CFGBVS and CONFIG_VOLTAGE Design Properties | 1      |
| CHECK-3   | Warning          | Report rule limit reached                           | 1      |
| RBOR-1    | Warning          | RAMB output registers                               | 1      |
| REQP-1839 | Warning          | RAMB36 async control check                          | 20     |
| REQP-1840 | Warning          | RAMB18 async control check                          | 8      |
+-----------+------------------+-----------------------------------------------------+--------+

2. REPORT DETAILS
-----------------
NSTD-1#1 Critical Warning
Unspecified I/O Standard  
132 out of 132 logical ports use I/O standard (IOSTANDARD) value 'DEFAULT', instead of a user assigned specific value. This may cause I/O contention or incompatibility with the board power or connectivity affecting performance, signal integrity or in extreme cases cause damage to the device or the components to which it is connected. To correct this violation, specify all I/O standards. This design will fail to generate a bitstream unless all logical ports have a user specified I/O standard value defined. To allow bitstream creation with unspecified I/O standard values (not recommended), use this command: set_property SEVERITY {Warning} [get_drc_checks NSTD-1].  NOTE: When using the Vivado Runs infrastructure (e.g. launch_runs Tcl command), add this command to a .tcl file and add that file as a pre-hook for write_bitstream step for the implementation run. Problem ports: bias_addr[0], bias_addr[1], bias_addr[2], bias_addr[3], bias_addr[4],
bias_addr[5], bias_addr[6], bias_addr[7], bias_data[7:0], input_addr[10],
input_addr[11], input_addr[6], input_addr[7], input_addr[8], input_addr[9]
 (the first 15 of 52 listed).
Related violations: <none>

UCIO-1#1 Critical Warning
Unconstrained Logical Port  
132 out of 132 logical ports have no user assigned specific location constraint (LOC). This may cause I/O contention or incompatibility with the board power or connectivity affecting performance, signal integrity or in extreme cases cause damage to the device or the components to which it is connected. To correct this violation, specify all pin locations. This design will fail to generate a bitstream unless all logical ports have a user specified site LOC constraint defined.  To allow bitstream creation with unspecified pin locations (not recommended), use this command: set_property SEVERITY {Warning} [get_drc_checks UCIO-1].  NOTE: When using the Vivado Runs infrastructure (e.g. launch_runs Tcl command), add this command to a .tcl file and add that file as a pre-hook for write_bitstream step for the implementation run.  Problem ports: bias_addr[0], bias_addr[1], bias_addr[2], bias_addr[3], bias_addr[4],
bias_addr[5], bias_addr[6], bias_addr[7], bias_data[7:0], input_addr[10],
input_addr[11], input_addr[6], input_addr[7], input_addr[8], input_addr[9]
 (the first 15 of 52 listed).
Related violations: <none>

CFGBVS-1#1 Warning
Missing CFGBVS and CONFIG_VOLTAGE Design Properties  
Neither the CFGBVS nor CONFIG_VOLTAGE voltage property is set in the current_design.  Configuration bank voltage select (CFGBVS) must be set to VCCO or GND, and CONFIG_VOLTAGE must be set to the correct configuration voltage, in order to determine the I/O voltage support for the pins in bank 0.  It is suggested to specify these either using the 'Edit Device Properties' function in the GUI or directly in the XDC file using the following syntax:

 set_property CFGBVS value1 [current_design]
 #where value1 is either VCCO or GND

 set_property CONFIG_VOLTAGE value2 [current_design]
 #where value2 is the voltage provided to configuration bank 0

Refer to the device configuration user guide for more information.
Related violations: <none>

CHECK-3#1 Warning
Report rule limit reached  
REQP-1839 rule limit reached: 20 violations have been found.
Related violations: <none>

RBOR-1#1 Warning
RAMB output registers  
RAMB memory_inst/bias_bram_reg output DOB (8) is connected to asynchronous registers, if you use synchronous controls you will get better results both in area and delay (RAMB has synchronous registers built in).
Related violations: <none>

REQP-1839#1 Warning
RAMB36 async control check  
The RAMB36E1 memory_inst/input_bram_reg has an input control pin memory_inst/input_bram_reg/ADDRBWRADDR[10] (net: memory_inst/input_rd_addr[7]) which is driven by a register (controller_inst/addr_in_reg[7]) that has an active asychronous set or reset. This may cause corruption of the memory contents and/or read values when the set/reset is asserted and is not analyzed by the default static timing analysis. It is suggested to eliminate the use of a set/reset to registers driving this RAMB pin or else use a synchronous reset in which the assertion of the reset is timed by default.
Related violations: <none>

REQP-1839#2 Warning
RAMB36 async control check  
The RAMB36E1 memory_inst/input_bram_reg has an input control pin memory_inst/input_bram_reg/ADDRBWRADDR[11] (net: memory_inst/input_rd_addr[8]) which is driven by a register (controller_inst/addr_in_reg[8]) that has an active asychronous set or reset. This may cause corruption of the memory contents and/or read values when the set/reset is asserted and is not analyzed by the default static timing analysis. It is suggested to eliminate the use of a set/reset to registers driving this RAMB pin or else use a synchronous reset in which the assertion of the reset is timed by default.
Related violations: <none>

REQP-1839#3 Warning
RAMB36 async control check  
The RAMB36E1 memory_inst/input_bram_reg has an input control pin memory_inst/input_bram_reg/ADDRBWRADDR[12] (net: memory_inst/input_rd_addr[9]) which is driven by a register (controller_inst/addr_in_reg[9]) that has an active asychronous set or reset. This may cause corruption of the memory contents and/or read values when the set/reset is asserted and is not analyzed by the default static timing analysis. It is suggested to eliminate the use of a set/reset to registers driving this RAMB pin or else use a synchronous reset in which the assertion of the reset is timed by default.
Related violations: <none>

REQP-1839#4 Warning
RAMB36 async control check  
The RAMB36E1 memory_inst/input_bram_reg has an input control pin memory_inst/input_bram_reg/ADDRBWRADDR[13] (net: memory_inst/input_rd_addr[10]) which is driven by a register (controller_inst/addr_in_reg[10]) that has an active asychronous set or reset. This may cause corruption of the memory contents and/or read values when the set/reset is asserted and is not analyzed by the default static timing analysis. It is suggested to eliminate the use of a set/reset to registers driving this RAMB pin or else use a synchronous reset in which the assertion of the reset is timed by default.
Related violations: <none>

REQP-1839#5 Warning
RAMB36 async control check  
The RAMB36E1 memory_inst/input_bram_reg has an input control pin memory_inst/input_bram_reg/ADDRBWRADDR[14] (net: memory_inst/input_rd_addr[11]) which is driven by a register (controller_inst/addr_in_reg[11]) that has an active asychronous set or reset. This may cause corruption of the memory contents and/or read values when the set/reset is asserted and is not analyzed by the default static timing analysis. It is suggested to eliminate the use of a set/reset to registers driving this RAMB pin or else use a synchronous reset in which the assertion of the reset is timed by default.
Related violations: <none>

REQP-1839#6 Warning
RAMB36 async control check  
The RAMB36E1 memory_inst/input_bram_reg has an input control pin memory_inst/input_bram_reg/ADDRBWRADDR[3] (net: memory_inst/input_rd_addr[0]) which is driven by a register (controller_inst/addr_in_reg[0]) that has an active asychronous set or reset. This may cause corruption of the memory contents and/or read values when the set/reset is asserted and is not analyzed by the default static timing analysis. It is suggested to eliminate the use of a set/reset to registers driving this RAMB pin or else use a synchronous reset in which the assertion of the reset is timed by default.
Related violations: <none>

REQP-1839#7 Warning
RAMB36 async control check  
The RAMB36E1 memory_inst/input_bram_reg has an input control pin memory_inst/input_bram_reg/ADDRBWRADDR[4] (net: memory_inst/input_rd_addr[1]) which is driven by a register (controller_inst/addr_in_reg[1]) that has an active asychronous set or reset. This may cause corruption of the memory contents and/or read values when the set/reset is asserted and is not analyzed by the default static timing analysis. It is suggested to eliminate the use of a set/reset to registers driving this RAMB pin or else use a synchronous reset in which the assertion of the reset is timed by default.
Related violations: <none>

REQP-1839#8 Warning
RAMB36 async control check  
The RAMB36E1 memory_inst/input_bram_reg has an input control pin memory_inst/input_bram_reg/ADDRBWRADDR[5] (net: memory_inst/input_rd_addr[2]) which is driven by a register (controller_inst/addr_in_reg[2]) that has an active asychronous set or reset. This may cause corruption of the memory contents and/or read values when the set/reset is asserted and is not analyzed by the default static timing analysis. It is suggested to eliminate the use of a set/reset to registers driving this RAMB pin or else use a synchronous reset in which the assertion of the reset is timed by default.
Related violations: <none>

REQP-1839#9 Warning
RAMB36 async control check  
The RAMB36E1 memory_inst/input_bram_reg has an input control pin memory_inst/input_bram_reg/ADDRBWRADDR[6] (net: memory_inst/input_rd_addr[3]) which is driven by a register (controller_inst/addr_in_reg[3]) that has an active asychronous set or reset. This may cause corruption of the memory contents and/or read values when the set/reset is asserted and is not analyzed by the default static timing analysis. It is suggested to eliminate the use of a set/reset to registers driving this RAMB pin or else use a synchronous reset in which the assertion of the reset is timed by default.
Related violations: <none>

REQP-1839#10 Warning
RAMB36 async control check  
The RAMB36E1 memory_inst/input_bram_reg has an input control pin memory_inst/input_bram_reg/ADDRBWRADDR[7] (net: memory_inst/input_rd_addr[4]) which is driven by a register (controller_inst/addr_in_reg[4]) that has an active asychronous set or reset. This may cause corruption of the memory contents and/or read values when the set/reset is asserted and is not analyzed by the default static timing analysis. It is suggested to eliminate the use of a set/reset to registers driving this RAMB pin or else use a synchronous reset in which the assertion of the reset is timed by default.
Related violations: <none>

REQP-1839#11 Warning
RAMB36 async control check  
The RAMB36E1 memory_inst/input_bram_reg has an input control pin memory_inst/input_bram_reg/ADDRBWRADDR[8] (net: memory_inst/input_rd_addr[5]) which is driven by a register (controller_inst/addr_in_reg[5]) that has an active asychronous set or reset. This may cause corruption of the memory contents and/or read values when the set/reset is asserted and is not analyzed by the default static timing analysis. It is suggested to eliminate the use of a set/reset to registers driving this RAMB pin or else use a synchronous reset in which the assertion of the reset is timed by default.
Related violations: <none>

REQP-1839#12 Warning
RAMB36 async control check  
The RAMB36E1 memory_inst/input_bram_reg has an input control pin memory_inst/input_bram_reg/ADDRBWRADDR[9] (net: memory_inst/input_rd_addr[6]) which is driven by a register (controller_inst/addr_in_reg[6]) that has an active asychronous set or reset. This may cause corruption of the memory contents and/or read values when the set/reset is asserted and is not analyzed by the default static timing analysis. It is suggested to eliminate the use of a set/reset to registers driving this RAMB pin or else use a synchronous reset in which the assertion of the reset is timed by default.
Related violations: <none>

REQP-1839#13 Warning
RAMB36 async control check  
The RAMB36E1 memory_inst/input_bram_reg has an input control pin memory_inst/input_bram_reg/ENBWREN (net: memory_inst/pwropt) which is driven by a register (controller_inst/FSM_onehot_state_reg[2]) that has an active asychronous set or reset. This may cause corruption of the memory contents and/or read values when the set/reset is asserted and is not analyzed by the default static timing analysis. It is suggested to eliminate the use of a set/reset to registers driving this RAMB pin or else use a synchronous reset in which the assertion of the reset is timed by default.
Related violations: <none>

REQP-1839#14 Warning
RAMB36 async control check  
The RAMB36E1 memory_inst/input_bram_reg has an input control pin memory_inst/input_bram_reg/ENBWREN (net: memory_inst/pwropt) which is driven by a register (controller_inst/load_counter_reg[3]) that has an active asychronous set or reset. This may cause corruption of the memory contents and/or read values when the set/reset is asserted and is not analyzed by the default static timing analysis. It is suggested to eliminate the use of a set/reset to registers driving this RAMB pin or else use a synchronous reset in which the assertion of the reset is timed by default.
Related violations: <none>

REQP-1839#15 Warning
RAMB36 async control check  
The RAMB36E1 memory_inst/weight_bram_reg_0 has an input control pin memory_inst/weight_bram_reg_0/ADDRBWRADDR[10] (net: memory_inst/weight_bram_reg_3_0[9]) which is driven by a register (controller_inst/addr_wt_reg[9]) that has an active asychronous set or reset. This may cause corruption of the memory contents and/or read values when the set/reset is asserted and is not analyzed by the default static timing analysis. It is suggested to eliminate the use of a set/reset to registers driving this RAMB pin or else use a synchronous reset in which the assertion of the reset is timed by default.
Related violations: <none>

REQP-1839#16 Warning
RAMB36 async control check  
The RAMB36E1 memory_inst/weight_bram_reg_0 has an input control pin memory_inst/weight_bram_reg_0/ADDRBWRADDR[11] (net: memory_inst/weight_bram_reg_3_0[10]) which is driven by a register (controller_inst/addr_wt_reg[10]) that has an active asychronous set or reset. This may cause corruption of the memory contents and/or read values when the set/reset is asserted and is not analyzed by the default static timing analysis. It is suggested to eliminate the use of a set/reset to registers driving this RAMB pin or else use a synchronous reset in which the assertion of the reset is timed by default.
Related violations: <none>

REQP-1839#17 Warning
RAMB36 async control check  
The RAMB36E1 memory_inst/weight_bram_reg_0 has an input control pin memory_inst/weight_bram_reg_0/ADDRBWRADDR[12] (net: memory_inst/weight_bram_reg_3_0[11]) which is driven by a register (controller_inst/addr_wt_reg[11]) that has an active asychronous set or reset. This may cause corruption of the memory contents and/or read values when the set/reset is asserted and is not analyzed by the default static timing analysis. It is suggested to eliminate the use of a set/reset to registers driving this RAMB pin or else use a synchronous reset in which the assertion of the reset is timed by default.
Related violations: <none>

REQP-1839#18 Warning
RAMB36 async control check  
The RAMB36E1 memory_inst/weight_bram_reg_0 has an input control pin memory_inst/weight_bram_reg_0/ADDRBWRADDR[13] (net: memory_inst/weight_bram_reg_3_0[12]) which is driven by a register (controller_inst/addr_wt_reg[12]) that has an active asychronous set or reset. This may cause corruption of the memory contents and/or read values when the set/reset is asserted and is not analyzed by the default static timing analysis. It is suggested to eliminate the use of a set/reset to registers driving this RAMB pin or else use a synchronous reset in which the assertion of the reset is timed by default.
Related violations: <none>

REQP-1839#19 Warning
RAMB36 async control check  
The RAMB36E1 memory_inst/weight_bram_reg_0 has an input control pin memory_inst/weight_bram_reg_0/ADDRBWRADDR[14] (net: memory_inst/weight_bram_reg_3_0[13]) which is driven by a register (controller_inst/addr_wt_reg[13]) that has an active asychronous set or reset. This may cause corruption of the memory contents and/or read values when the set/reset is asserted and is not analyzed by the default static timing analysis. It is suggested to eliminate the use of a set/reset to registers driving this RAMB pin or else use a synchronous reset in which the assertion of the reset is timed by default.
Related violations: <none>

REQP-1839#20 Warning
RAMB36 async control check  
The RAMB36E1 memory_inst/weight_bram_reg_0 has an input control pin memory_inst/weight_bram_reg_0/ADDRBWRADDR[9] (net: memory_inst/weight_bram_reg_3_0[8]) which is driven by a register (controller_inst/addr_wt_reg[8]) that has an active asychronous set or reset. This may cause corruption of the memory contents and/or read values when the set/reset is asserted and is not analyzed by the default static timing analysis. It is suggested to eliminate the use of a set/reset to registers driving this RAMB pin or else use a synchronous reset in which the assertion of the reset is timed by default.
Related violations: <none>

REQP-1840#1 Warning
RAMB18 async control check  
The RAMB18E1 memory_inst/bias_bram_reg has an input control pin memory_inst/bias_bram_reg/ADDRBWRADDR[10] (net: memory_inst/bias_rd_addr[6]) which is driven by a register (controller_inst/neuron_idx_reg[6]) that has an active asychronous set or reset. This may cause corruption of the memory contents and/or read values when the set/reset is asserted and is not analyzed by the default static timing analysis. It is suggested to eliminate the use of a set/reset to registers driving this RAMB pin or else use a synchronous reset in which the assertion of the reset is timed by default.
Related violations: <none>

REQP-1840#2 Warning
RAMB18 async control check  
The RAMB18E1 memory_inst/bias_bram_reg has an input control pin memory_inst/bias_bram_reg/ADDRBWRADDR[11] (net: memory_inst/bias_rd_addr[7]) which is driven by a register (controller_inst/neuron_idx_reg[7]) that has an active asychronous set or reset. This may cause corruption of the memory contents and/or read values when the set/reset is asserted and is not analyzed by the default static timing analysis. It is suggested to eliminate the use of a set/reset to registers driving this RAMB pin or else use a synchronous reset in which the assertion of the reset is timed by default.
Related violations: <none>

REQP-1840#3 Warning
RAMB18 async control check  
The RAMB18E1 memory_inst/bias_bram_reg has an input control pin memory_inst/bias_bram_reg/ADDRBWRADDR[4] (net: memory_inst/bias_rd_addr[0]) which is driven by a register (controller_inst/neuron_idx_reg[0]) that has an active asychronous set or reset. This may cause corruption of the memory contents and/or read values when the set/reset is asserted and is not analyzed by the default static timing analysis. It is suggested to eliminate the use of a set/reset to registers driving this RAMB pin or else use a synchronous reset in which the assertion of the reset is timed by default.
Related violations: <none>

REQP-1840#4 Warning
RAMB18 async control check  
The RAMB18E1 memory_inst/bias_bram_reg has an input control pin memory_inst/bias_bram_reg/ADDRBWRADDR[5] (net: memory_inst/bias_rd_addr[1]) which is driven by a register (controller_inst/neuron_idx_reg[1]) that has an active asychronous set or reset. This may cause corruption of the memory contents and/or read values when the set/reset is asserted and is not analyzed by the default static timing analysis. It is suggested to eliminate the use of a set/reset to registers driving this RAMB pin or else use a synchronous reset in which the assertion of the reset is timed by default.
Related violations: <none>

REQP-1840#5 Warning
RAMB18 async control check  
The RAMB18E1 memory_inst/bias_bram_reg has an input control pin memory_inst/bias_bram_reg/ADDRBWRADDR[6] (net: memory_inst/bias_rd_addr[2]) which is driven by a register (controller_inst/neuron_idx_reg[2]) that has an active asychronous set or reset. This may cause corruption of the memory contents and/or read values when the set/reset is asserted and is not analyzed by the default static timing analysis. It is suggested to eliminate the use of a set/reset to registers driving this RAMB pin or else use a synchronous reset in which the assertion of the reset is timed by default.
Related violations: <none>

REQP-1840#6 Warning
RAMB18 async control check  
The RAMB18E1 memory_inst/bias_bram_reg has an input control pin memory_inst/bias_bram_reg/ADDRBWRADDR[7] (net: memory_inst/bias_rd_addr[3]) which is driven by a register (controller_inst/neuron_idx_reg[3]) that has an active asychronous set or reset. This may cause corruption of the memory contents and/or read values when the set/reset is asserted and is not analyzed by the default static timing analysis. It is suggested to eliminate the use of a set/reset to registers driving this RAMB pin or else use a synchronous reset in which the assertion of the reset is timed by default.
Related violations: <none>

REQP-1840#7 Warning
RAMB18 async control check  
The RAMB18E1 memory_inst/bias_bram_reg has an input control pin memory_inst/bias_bram_reg/ADDRBWRADDR[8] (net: memory_inst/bias_rd_addr[4]) which is driven by a register (controller_inst/neuron_idx_reg[4]) that has an active asychronous set or reset. This may cause corruption of the memory contents and/or read values when the set/reset is asserted and is not analyzed by the default static timing analysis. It is suggested to eliminate the use of a set/reset to registers driving this RAMB pin or else use a synchronous reset in which the assertion of the reset is timed by default.
Related violations: <none>

REQP-1840#8 Warning
RAMB18 async control check  
The RAMB18E1 memory_inst/bias_bram_reg has an input control pin memory_inst/bias_bram_reg/ADDRBWRADDR[9] (net: memory_inst/bias_rd_addr[5]) which is driven by a register (controller_inst/neuron_idx_reg[5]) that has an active asychronous set or reset. This may cause corruption of the memory contents and/or read values when the set/reset is asserted and is not analyzed by the default static timing analysis. It is suggested to eliminate the use of a set/reset to registers driving this RAMB pin or else use a synchronous reset in which the assertion of the reset is timed by default.
Related violations: <none>


